\BOOKMARK [0][-]{chapter.1}{\376\377\000H\000y\000r\000j\000e\000\040\000n\000\353\000\040\000s\000i\000m\000u\000l\000i\000m\000e\000t\000\040\000f\000i\000z\000i\000k\000e\000\040\000d\000h\000e\000\040\000p\000r\000o\000g\000r\000a\000m\000i\000m\000i\000n\000\040\000s\000h\000k\000e\000n\000c\000o\000r}{}% 1
\BOOKMARK [1][-]{section.1.1}{\376\377\000N\000g\000a\000\040\000m\000o\000d\000e\000l\000i\000\040\000t\000e\000\040\000e\000k\000s\000p\000e\000r\000i\000m\000e\000n\000t\000i\000\040\000n\000u\000m\000e\000r\000i\000k}{chapter.1}% 2
\BOOKMARK [1][-]{section.1.2}{\376\377\000H\000i\000e\000r\000a\000r\000k\000i\000a\000\040\000e\000\040\000m\000o\000d\000e\000l\000e\000v\000e}{chapter.1}% 3
\BOOKMARK [1][-]{section.1.3}{\376\377\000D\000i\000s\000k\000r\000e\000t\000i\000z\000i\000m\000i}{chapter.1}% 4
\BOOKMARK [1][-]{section.1.4}{\376\377\000P\000r\000o\000g\000r\000a\000m\000i\000m\000i\000\040\000s\000h\000k\000e\000n\000c\000o\000r}{chapter.1}% 5
\BOOKMARK [1][-]{section.1.5}{\376\377\000V\000e\000r\000i\000f\000i\000k\000i\000m\000i\000,\000\040\000v\000l\000e\000f\000t\000\353\000s\000i\000m\000i\000\040\000d\000h\000e\000\040\000r\000i\000p\000r\000o\000d\000h\000u\000e\000s\000h\000m\000\353\000r\000i\000a}{chapter.1}% 6
\BOOKMARK [1][-]{section.1.6}{\376\377\000A\000l\000g\000o\000r\000i\000t\000m\000i\000\040\000b\000a\000z\000\353\000\040\000i\000\040\000n\000j\000\353\000\040\000e\000k\000s\000p\000e\000r\000i\000m\000e\000n\000t\000i\000\040\000n\000u\000m\000e\000r\000i\000k}{chapter.1}% 7
\BOOKMARK [0][-]{chapter.2}{\376\377\000A\000r\000i\000t\000m\000e\000t\000i\000k\000a\000\040\000k\000o\000m\000p\000j\000u\000t\000e\000r\000i\000k\000e\000\040\000d\000h\000e\000\040\000a\000n\000a\000l\000i\000z\000a\000\040\000e\000\040\000g\000a\000b\000i\000m\000e\000v\000e}{}% 8
\BOOKMARK [1][-]{section.2.1}{\376\377\000P\000\353\000r\000f\000a\000q\000\353\000s\000i\000m\000i\000\040\000m\000e\000\040\000s\000a\000k\000t\000\353\000s\000i\000\040\000t\000\353\000\040\000f\000u\000n\000d\000m\000e}{chapter.2}% 9
\BOOKMARK [1][-]{section.2.2}{\376\377\000G\000a\000b\000i\000m\000i\000\040\000a\000b\000s\000o\000l\000u\000t\000\040\000d\000h\000e\000\040\000r\000e\000l\000a\000t\000i\000v}{chapter.2}% 10
\BOOKMARK [1][-]{section.2.3}{\376\377\000A\000n\000u\000l\000i\000m\000i\000\040\000d\000h\000e\000\040\000h\000u\000m\000b\000j\000a\000\040\000e\000\040\000s\000h\000i\000f\000r\000a\000v\000e}{chapter.2}% 11
\BOOKMARK [1][-]{section.2.4}{\376\377\000K\000u\000s\000h\000t\000\353\000z\000i\000m\000i\000\040\000i\000\040\000p\000r\000o\000b\000l\000e\000m\000i\000t}{chapter.2}% 12
\BOOKMARK [1][-]{section.2.5}{\376\377\000G\000a\000b\000i\000m\000i\000\040\000i\000\040\000p\000\353\000r\000p\000a\000r\000m\000\353\000\040\000d\000h\000e\000\040\000i\000\040\000p\000r\000a\000p\000m\000\353}{chapter.2}% 13
\BOOKMARK [1][-]{section.2.6}{\376\377\000G\000a\000b\000i\000m\000e\000t\000\040\000m\000a\000t\000r\000i\000c\000o\000r\000e}{chapter.2}% 14
\BOOKMARK [1][-]{section.2.7}{\376\377\000A\000l\000g\000o\000r\000i\000t\000m\000e\000t\000\040\000p\000\353\000r\000\040\000d\000i\000a\000g\000n\000o\000s\000t\000i\000k\000i\000m\000i\000n\000\040\000e\000\040\000g\000a\000b\000i\000m\000e\000v\000e\000\040\000n\000u\000m\000e\000r\000i\000k\000e}{chapter.2}% 15
\BOOKMARK [0][-]{chapter.3}{\376\377\000E\000k\000u\000a\000c\000i\000o\000n\000e\000t\000\040\000j\000o\000l\000i\000n\000e\000a\000r\000e\000,\000\040\000s\000i\000s\000t\000e\000m\000e\000t\000\040\000l\000i\000n\000e\000a\000r\000e\000\040\000d\000h\000e\000\040\000v\000l\000e\000r\000a\000t\000\040\000v\000e\000t\000j\000a\000k\000e}{}% 16
\BOOKMARK [1][-]{section.3.1}{\376\377\000E\000k\000u\000a\000c\000i\000o\000n\000i\000\040\000s\000k\000a\000l\000a\000r\000\040\000f\000\050\000x\000\051\000=\0000}{chapter.3}% 17
\BOOKMARK [1][-]{section.3.2}{\376\377\000S\000i\000s\000t\000e\000m\000e\000t\000\040\000j\000o\000l\000i\000n\000e\000a\000r\000e}{chapter.3}% 18
\BOOKMARK [1][-]{section.3.3}{\376\377\000S\000i\000s\000t\000e\000m\000e\000t\000\040\000l\000i\000n\000e\000a\000r\000e}{chapter.3}% 19
\BOOKMARK [1][-]{section.3.4}{\376\377\000V\000l\000e\000r\000a\000t\000\040\000d\000h\000e\000\040\000v\000e\000k\000t\000o\000r\000\353\000t\000\040\000v\000e\000t\000j\000a\000k\000\353}{chapter.3}% 20
\BOOKMARK [1][-]{section.3.5}{\376\377\000R\000e\000n\000d\000i\000t\000j\000a\000\040\000e\000\040\000f\000a\000q\000e\000v\000e\000\040\000s\000i\000\040\000p\000r\000o\000b\000l\000e\000m\000\040\000v\000e\000t\000j\000a\000k}{chapter.3}% 21
\BOOKMARK [1][-]{section.3.6}{\376\377\000A\000l\000g\000o\000r\000i\000t\000m\000e\000t\000\040\000k\000r\000y\000e\000s\000o\000r\000e\000\040\000d\000h\000e\000\040\000z\000b\000a\000t\000i\000m\000i\000\040\000n\000\353\000\040\000P\000y\000t\000h\000o\000n}{chapter.3}% 22
\BOOKMARK [0][-]{chapter.4}{\376\377\000I\000n\000t\000e\000r\000p\000o\000l\000i\000m\000i\000,\000\040\000r\000e\000g\000r\000e\000s\000i\000\040\000d\000h\000e\000\040\000p\000\353\000r\000s\000h\000t\000a\000t\000j\000a\000\040\000e\000\040\000m\000o\000d\000e\000l\000e\000v\000e}{}% 23
\BOOKMARK [1][-]{section.4.1}{\376\377\000I\000n\000t\000e\000r\000p\000o\000l\000i\000m\000i\000\040\000p\000o\000l\000i\000n\000o\000m\000i\000a\000l}{chapter.4}% 24
\BOOKMARK [1][-]{section.4.2}{\376\377\000I\000n\000t\000e\000r\000p\000o\000l\000i\000m\000i\000\040\000H\000e\000r\000m\000i\000t\000i\000a\000n\000\040\000d\000h\000e\000\040\000e\000k\000s\000t\000r\000a\000p\000o\000l\000i\000m\000i}{chapter.4}% 25
\BOOKMARK [1][-]{section.4.3}{\376\377\000R\000e\000g\000r\000e\000s\000i\000\040\000l\000i\000n\000e\000a\000r}{chapter.4}% 26
\BOOKMARK [1][-]{section.4.4}{\376\377\000M\000b\000e\000t\000j\000e\000t\000\040\000d\000h\000e\000\040\000d\000i\000a\000g\000n\000o\000s\000t\000i\000k\000a}{chapter.4}% 27
\BOOKMARK [1][-]{section.4.5}{\376\377\000S\000h\000m\000a\000n\000g\000i\000e\000t\000\040\000m\000i\000n\000i\000m\000a\000l\000e\000\040\000a\000b\000s\000o\000l\000u\000t\000e}{chapter.4}% 28
\BOOKMARK [1][-]{section.4.6}{\376\377\000A\000l\000g\000o\000r\000i\000t\000m\000e\000t\000\040\000e\000\040\000i\000n\000t\000e\000r\000p\000o\000l\000i\000m\000i\000t\000\040\000d\000h\000e\000\040\000p\000\353\000r\000s\000h\000t\000a\000t\000j\000e\000s}{chapter.4}% 29
\BOOKMARK [0][-]{chapter.5}{\376\377\000D\000i\000f\000e\000r\000e\000n\000c\000i\000m\000i\000\040\000d\000h\000e\000\040\000i\000n\000t\000e\000g\000r\000i\000m\000i\000\040\000n\000u\000m\000e\000r\000i\000k}{}% 30
\BOOKMARK [1][-]{section.5.1}{\376\377\000D\000e\000r\000i\000v\000a\000t\000e\000t\000\040\000n\000g\000a\000\040\000z\000h\000v\000i\000l\000l\000i\000m\000i\000\040\000T\000a\000y\000l\000o\000r}{chapter.5}% 31
\BOOKMARK [1][-]{section.5.2}{\376\377\000H\000a\000p\000i\000\040\000o\000p\000t\000i\000m\000a\000l}{chapter.5}% 32
\BOOKMARK [1][-]{section.5.3}{\376\377\000K\000u\000a\000d\000r\000a\000t\000u\000r\000a\000\040\000e\000\040\000p\000\353\000r\000b\000\353\000r\000\353}{chapter.5}% 33
\BOOKMARK [1][-]{section.5.4}{\376\377\000K\000u\000a\000d\000r\000a\000t\000u\000r\000a\000\040\000e\000\040\000G\000a\000u\000s\000i\000t}{chapter.5}% 34
\BOOKMARK [1][-]{section.5.5}{\376\377\000I\000n\000t\000e\000g\000r\000a\000l\000e\000\040\000t\000\353\000\040\000p\000a\000p\000\353\000r\000s\000h\000t\000a\000t\000s\000h\000m\000e\000\040\000d\000h\000e\000\040\000s\000h\000u\000m\000\353\000f\000i\000s\000h\000t\000a}{chapter.5}% 35
\BOOKMARK [1][-]{section.5.6}{\376\377\000A\000l\000g\000o\000r\000i\000t\000m\000e\000t\000\040\000e\000\040\000d\000i\000f\000e\000r\000e\000n\000c\000i\000m\000i\000t\000\040\000d\000h\000e\000\040\000k\000u\000a\000d\000r\000a\000t\000u\000r\000\353\000s}{chapter.5}% 36
\BOOKMARK [0][-]{chapter.6}{\376\377\000E\000k\000u\000a\000c\000i\000o\000n\000e\000t\000\040\000d\000i\000f\000e\000r\000e\000n\000c\000i\000a\000l\000e\000\040\000d\000h\000e\000\040\000d\000i\000n\000a\000m\000i\000k\000a\000\040\000n\000u\000m\000e\000r\000i\000k\000e}{}% 37
\BOOKMARK [1][-]{section.6.1}{\376\377\000P\000r\000o\000b\000l\000e\000m\000i\000\040\000i\000\040\000v\000l\000e\000r\000\353\000s\000\040\000f\000i\000l\000l\000e\000s\000t\000a\000r\000e}{chapter.6}% 38
\BOOKMARK [1][-]{section.6.2}{\376\377\000S\000t\000a\000b\000i\000l\000i\000t\000e\000t\000i}{chapter.6}% 39
\BOOKMARK [1][-]{section.6.3}{\376\377\000M\000e\000t\000o\000d\000a\000t\000\040\000m\000e\000\040\000s\000h\000u\000m\000\353\000\040\000h\000a\000p\000a}{chapter.6}% 40
\BOOKMARK [1][-]{section.6.4}{\376\377\000D\000i\000n\000a\000m\000i\000k\000\353\000\040\000H\000a\000m\000i\000l\000t\000o\000n\000i\000a\000n\000e}{chapter.6}% 41
\BOOKMARK [1][-]{section.6.5}{\376\377\000S\000h\000e\000m\000b\000u\000j\000\040\000f\000i\000z\000i\000k\000\353}{chapter.6}% 42
\BOOKMARK [1][-]{section.6.6}{\376\377\000P\000r\000o\000b\000l\000e\000m\000e\000t\000\040\000e\000\040\000v\000l\000e\000r\000a\000v\000e\000\040\000k\000u\000f\000i\000t\000a\000r\000e}{chapter.6}% 43
\BOOKMARK [1][-]{section.6.7}{\376\377\000I\000n\000t\000e\000g\000r\000u\000e\000s\000i\000t\000\040\000k\000o\000h\000o\000r\000\353\000\040\000n\000\353\000\040\000P\000y\000t\000h\000o\000n}{chapter.6}% 44
\BOOKMARK [0][-]{chapter.7}{\376\377\000D\000i\000f\000e\000r\000e\000n\000c\000a\000t\000\040\000e\000\040\000f\000u\000n\000d\000m\000e\000\040\000d\000h\000e\000\040\000s\000i\000m\000u\000l\000i\000m\000i\000\040\000i\000\040\000v\000a\000l\000\353\000v\000e}{}% 45
\BOOKMARK [1][-]{section.7.1}{\376\377\000N\000g\000a\000\040\000P\000D\000E\000\040\000t\000e\000\040\000r\000r\000j\000e\000t\000i}{chapter.7}% 46
\BOOKMARK [1][-]{section.7.2}{\376\377\000K\000u\000s\000h\000t\000e\000t\000\040\000f\000i\000l\000l\000e\000s\000t\000a\000r\000e\000\040\000d\000h\000e\000\040\000k\000u\000f\000i\000t\000a\000r\000e}{chapter.7}% 47
\BOOKMARK [1][-]{section.7.3}{\376\377\000S\000t\000a\000b\000i\000l\000i\000t\000e\000t\000i\000\040\000C\000F\000L}{chapter.7}% 48
\BOOKMARK [1][-]{section.7.4}{\376\377\000D\000i\000s\000p\000e\000r\000s\000i\000m\000i\000\040\000n\000u\000m\000e\000r\000i\000k}{chapter.7}% 49
\BOOKMARK [1][-]{section.7.5}{\376\377\000V\000a\000l\000\353\000t\000\040\000e\000\040\000q\000\353\000n\000d\000r\000u\000e\000s\000h\000m\000e}{chapter.7}% 50
\BOOKMARK [1][-]{section.7.6}{\376\377\000R\000e\000f\000l\000e\000k\000t\000i\000m\000i\000\040\000n\000g\000a\000\040\000p\000l\000a\000z\000m\000a}{chapter.7}% 51
\BOOKMARK [1][-]{section.7.7}{\376\377\000A\000l\000g\000o\000r\000i\000t\000m\000i\000\040\000m\000e\000\040\000d\000i\000f\000e\000r\000e\000n\000c\000a\000\040\000t\000\353\000\040\000f\000u\000n\000d\000m\000e\000\040\000p\000\353\000r\000\040\000v\000a\000l\000\353\000n}{chapter.7}% 52
\BOOKMARK [0][-]{chapter.8}{\376\377\000P\000r\000o\000b\000a\000b\000i\000l\000i\000t\000e\000t\000i\000\040\000d\000h\000e\000\040\000v\000a\000r\000i\000a\000b\000l\000a\000t\000\040\000e\000\040\000r\000a\000s\000t\000i\000t}{}% 53
\BOOKMARK [1][-]{section.8.1}{\376\377\000N\000g\000j\000a\000r\000j\000e\000t\000\040\000d\000h\000e\000\040\000p\000r\000o\000b\000a\000b\000i\000l\000i\000t\000e\000t\000i}{chapter.8}% 54
\BOOKMARK [1][-]{section.8.2}{\376\377\000N\000d\000r\000y\000s\000h\000o\000r\000e\000t\000\040\000e\000\040\000r\000a\000s\000t\000i\000t}{chapter.8}% 55
\BOOKMARK [1][-]{section.8.3}{\376\377\000S\000h\000p\000\353\000r\000n\000d\000a\000r\000j\000e\000\040\000t\000\353\000\040\000r\000\353\000n\000d\000\353\000s\000i\000s\000h\000m\000e}{chapter.8}% 56
\BOOKMARK [1][-]{section.8.4}{\376\377\000K\000o\000v\000a\000r\000i\000a\000n\000c\000a\000\040\000d\000h\000e\000\040\000p\000\353\000r\000h\000a\000p\000j\000a\000\040\000e\000\040\000p\000a\000c\000a\000k\000t\000u\000e\000s\000h\000m\000\353\000r\000i\000s\000\353}{chapter.8}% 57
\BOOKMARK [1][-]{section.8.5}{\376\377\000L\000i\000g\000j\000i\000\040\000i\000\040\000n\000u\000m\000r\000a\000v\000e\000\040\000t\000\353\000\040\000m\000\353\000d\000h\000e\000n\000j\000\040\000d\000h\000e\000\040\000C\000L\000T}{chapter.8}% 58
\BOOKMARK [1][-]{section.8.6}{\376\377\000A\000l\000g\000o\000r\000i\000t\000m\000e\000t\000\040\000b\000a\000z\000\353\000\040\000t\000\353\000\040\000s\000i\000m\000u\000l\000i\000m\000i\000t\000\040\000p\000r\000o\000b\000a\000b\000i\000l\000i\000t\000a\000r}{chapter.8}% 59
\BOOKMARK [0][-]{chapter.9}{\376\377\000N\000u\000m\000r\000a\000t\000\040\000p\000s\000e\000u\000d\000o\000r\000a\000s\000t\000\353\000s\000o\000r\000\353\000\040\000d\000h\000e\000\040\000k\000a\000m\000p\000i\000o\000n\000i\000m\000i}{}% 60
\BOOKMARK [1][-]{section.9.1}{\376\377\000P\000s\000e\000u\000d\000o\000-\000r\000a\000s\000t\000\353\000s\000i\000a}{chapter.9}% 61
\BOOKMARK [1][-]{section.9.2}{\376\377\000T\000e\000s\000t\000e\000t\000\040\000s\000t\000a\000t\000i\000s\000t\000i\000k\000e}{chapter.9}% 62
\BOOKMARK [1][-]{section.9.3}{\376\377\000T\000r\000a\000n\000s\000f\000o\000r\000m\000i\000m\000i\000\040\000i\000\040\000a\000n\000a\000s\000j\000e\000l\000l\000t\000\353}{chapter.9}% 63
\BOOKMARK [1][-]{section.9.4}{\376\377\000M\000o\000s\000t\000r\000a\000t\000\040\000G\000a\000u\000s\000s}{chapter.9}% 64
\BOOKMARK [1][-]{section.9.5}{\376\377\000K\000a\000m\000p\000i\000o\000n\000i\000m\000i\000\040\000m\000e\000\040\000r\000e\000f\000u\000z\000i\000m}{chapter.9}% 65
\BOOKMARK [1][-]{section.9.6}{\376\377\000K\000a\000m\000p\000i\000o\000n\000i\000m\000i\000\040\000i\000\040\000r\000\353\000n\000d\000\353\000s\000i\000s\000\353}{chapter.9}% 66
\BOOKMARK [1][-]{section.9.7}{\376\377\000A\000l\000g\000o\000r\000i\000t\000m\000e\000t\000\040\000e\000\040\000g\000j\000e\000n\000e\000r\000i\000m\000i\000t\000\040\000d\000h\000e\000\040\000k\000a\000m\000p\000i\000o\000n\000i\000m\000i\000t}{chapter.9}% 67
\BOOKMARK [0][-]{chapter.10}{\376\377\000I\000n\000t\000e\000g\000r\000i\000m\000i\000\040\000M\000o\000n\000t\000e\000\040\000C\000a\000r\000l\000o}{}% 68
\BOOKMARK [1][-]{section.10.1}{\376\377\000I\000n\000t\000e\000g\000r\000a\000l\000i\000\040\000s\000i\000\040\000p\000r\000i\000t\000j\000e}{chapter.10}% 69
\BOOKMARK [1][-]{section.10.2}{\376\377\000S\000h\000e\000m\000b\000u\000l\000l\000i\000\040\000g\000j\000e\000o\000m\000e\000t\000r\000i\000k\000\040\000i\000\040}{chapter.10}% 70
\BOOKMARK [1][-]{section.10.3}{\376\377\000G\000a\000b\000i\000m\000i\000\040\000s\000t\000a\000t\000i\000s\000t\000i\000k}{chapter.10}% 71
\BOOKMARK [1][-]{section.10.4}{\376\377\000R\000e\000d\000u\000k\000t\000i\000m\000i\000\040\000i\000\040\000v\000a\000r\000i\000a\000n\000c\000\353\000s}{chapter.10}% 72
\BOOKMARK [1][-]{section.10.5}{\376\377\000I\000n\000t\000e\000g\000r\000a\000l\000e\000\040\000s\000h\000u\000m\000\353\000f\000i\000s\000h\000t\000a\000\040\000d\000h\000e\000\040\000r\000a\000j\000o\000n\000e\000\040\000t\000\353\000\040\000n\000d\000\353\000r\000l\000i\000k\000u\000a\000r\000a}{chapter.10}% 73
\BOOKMARK [1][-]{section.10.6}{\376\377\000P\000\353\000r\000h\000a\000p\000j\000a\000\040\000M\000o\000n\000t\000e\000\040\000C\000a\000r\000l\000o\000\040\000e\000\040\000p\000a\000c\000a\000k\000t\000u\000e\000s\000h\000m\000\353\000r\000i\000s\000\353}{chapter.10}% 74
\BOOKMARK [1][-]{section.10.7}{\376\377\000A\000l\000g\000o\000r\000i\000t\000m\000e\000t\000\040\000M\000o\000n\000t\000e\000\040\000C\000a\000r\000l\000o\000\040\000n\000\353\000\040\000P\000y\000t\000h\000o\000n}{chapter.10}% 75
\BOOKMARK [0][-]{chapter.11}{\376\377\000B\000r\000e\000d\000h\000j\000e\000t\000\040\000e\000\040\000r\000a\000s\000t\000i\000t\000,\000\040\000d\000i\000f\000u\000z\000i\000o\000n\000i\000\040\000d\000h\000e\000\040\000z\000i\000n\000x\000h\000i\000r\000\353\000t\000\040\000M\000a\000r\000k\000o\000v}{}% 76
\BOOKMARK [1][-]{section.11.1}{\376\377\000B\000r\000e\000d\000h\000j\000a\000\040\000s\000i\000m\000e\000t\000r\000i\000k\000e\000\040\000n\000\353\000\040\000n\000j\000\353\000\040\000p\000\353\000r\000m\000a\000s\000\353}{chapter.11}% 77
\BOOKMARK [1][-]{section.11.2}{\376\377\000K\000u\000f\000i\000r\000i\000\040\000i\000\040\000v\000a\000z\000h\000d\000u\000e\000s\000h\000\353\000m\000\040\000d\000h\000e\000\040\000d\000i\000f\000u\000z\000i\000o\000n\000i}{chapter.11}% 78
\BOOKMARK [1][-]{section.11.3}{\376\377\000K\000u\000f\000i\000j\000,\000\040\000d\000r\000i\000f\000t\000\040\000d\000h\000e\000\040\000k\000o\000h\000\353\000\040\000e\000\040\000p\000a\000r\000\353\000\040\000k\000a\000l\000i\000m\000i}{chapter.11}% 79
\BOOKMARK [1][-]{section.11.4}{\376\377\000Z\000i\000n\000x\000h\000i\000r\000\353\000t\000\040\000M\000a\000r\000k\000o\000v}{chapter.11}% 80
\BOOKMARK [1][-]{section.11.5}{\376\377\000K\000t\000h\000y\000e\000s\000h\000m\000\353\000r\000i\000a\000\040\000d\000h\000e\000\040\000b\000a\000l\000a\000n\000c\000a\000\040\000e\000\040\000d\000e\000t\000a\000j\000u\000a\000r}{chapter.11}% 81
\BOOKMARK [1][-]{section.11.6}{\376\377\000K\000o\000r\000r\000e\000l\000a\000c\000i\000o\000n\000i\000\040\000d\000h\000e\000\040\000m\000a\000d\000h\000\353\000s\000i\000a\000\040\000e\000f\000e\000k\000t\000i\000v\000e}{chapter.11}% 82
\BOOKMARK [1][-]{section.11.7}{\376\377\000A\000l\000g\000o\000r\000i\000t\000m\000e\000t\000\040\000e\000\040\000b\000r\000e\000d\000h\000j\000e\000s\000\040\000d\000h\000e\000\040\000t\000\353\000\040\000z\000i\000n\000x\000h\000i\000r\000i\000t\000\040\000M\000a\000r\000k\000o\000v}{chapter.11}% 83
\BOOKMARK [0][-]{chapter.12}{\376\377\000M\000e\000t\000r\000o\000p\000o\000l\000i\000s\040\023\000H\000a\000s\000t\000i\000n\000g\000s\000\040\000d\000h\000e\000\040\000M\000o\000n\000t\000e\000\040\000C\000a\000r\000l\000o\000\040\000n\000\353\000\040\000f\000i\000z\000i\000k\000\353\000n\000\040\000s\000t\000a\000t\000i\000s\000t\000i\000k\000e}{}% 84
\BOOKMARK [1][-]{section.12.1}{\376\377\000P\000s\000e\000\040\000n\000e\000v\000o\000j\000i\000t\000e\000t\000\040\000M\000C\000M\000C}{chapter.12}% 85
\BOOKMARK [1][-]{section.12.2}{\376\377\000A\000l\000g\000o\000r\000i\000t\000m\000i\000\040\000M\000e\000t\000r\000o\000p\000o\000l\000i\000s\040\023\000H\000a\000s\000t\000i\000n\000g\000s}{chapter.12}% 86
\BOOKMARK [1][-]{section.12.3}{\376\377\000T\000e\000r\000m\000a\000l\000i\000z\000i\000m\000i\000\040\000d\000h\000e\000\040\000d\000i\000a\000g\000n\000o\000s\000t\000i\000k\000a}{chapter.12}% 87
\BOOKMARK [1][-]{section.12.4}{\376\377\000M\000o\000d\000e\000l\000i\000\040\000I\000s\000i\000n\000g\000\040\000d\000y\000d\000i\000m\000e\000n\000s\000i\000o\000n\000a\000l}{chapter.12}% 88
\BOOKMARK [1][-]{section.12.5}{\376\377\000O\000b\000s\000e\000r\000v\000a\000b\000l\000a\000t\000\040\000t\000e\000r\000m\000o\000d\000i\000n\000a\000m\000i\000k\000e}{chapter.12}% 89
\BOOKMARK [1][-]{section.12.6}{\376\377\000A\000l\000g\000o\000r\000i\000t\000m\000i\000\040\000M\000e\000t\000r\000o\000p\000o\000l\000i\000s\000\040\000p\000\353\000r\000\040\000m\000o\000d\000e\000l\000i\000n\000\040\000I\000s\000i\000n\000g}{chapter.12}% 90
\BOOKMARK [0][-]{appendix.A}{\376\377\000F\000j\000a\000l\000o\000r\000t\000h\000,\000\040\000s\000t\000a\000n\000d\000a\000r\000d\000e\000\040\000t\000\353\000\040\000k\000o\000d\000i\000t\000\040\000d\000h\000e\000\040\000u\000r\000a\000\040\000d\000r\000e\000j\000t\000\040\000n\000o\000t\000e\000b\000o\000o\000k\000-\000e\000v\000e}{}% 91
\BOOKMARK [1][-]{section.A.1}{\376\377\000F\000j\000a\000l\000o\000r\000t\000h\000\040\000i\000\040\000t\000e\000r\000m\000a\000v\000e\000\040\000k\000r\000y\000e\000s\000o\000r\000\353}{appendix.A}% 92
\BOOKMARK [1][-]{section.A.2}{\376\377\000E\000m\000\353\000r\000t\000i\000m\000i\000\040\000i\000\040\000m\000a\000d\000h\000\353\000s\000i\000v\000e\000\040\000n\000\353\000\040\000k\000o\000d}{appendix.A}% 93
\BOOKMARK [1][-]{section.A.3}{\376\377\000S\000t\000r\000u\000k\000t\000u\000r\000a\000\040\000s\000t\000a\000n\000d\000a\000r\000d\000e\000\040\000e\000\040\000\347\000d\000o\000\040\000n\000o\000t\000e\000b\000o\000o\000k\000-\000u}{appendix.A}% 94
\BOOKMARK [1][-]{section.A.4}{\376\377\000K\000o\000n\000t\000r\000o\000l\000l\000e\000t\000\040\000m\000i\000n\000i\000m\000a\000l\000e\000\040\000t\000\353\000\040\000c\000i\000l\000\353\000s\000i\000s\000\353}{appendix.A}% 95
\BOOKMARK [1][-]{section.A.5}{\376\377\000L\000i\000d\000h\000j\000a\000\040\000n\000d\000\353\000r\000m\000j\000e\000t\000\040\000k\000a\000p\000i\000t\000u\000j\000v\000e\000\040\000d\000h\000e\000\040\000l\000a\000b\000o\000r\000a\000t\000o\000r\000\353\000v\000e}{appendix.A}% 96
\BOOKMARK [1][-]{section.A.6}{\376\377\000P\000a\000r\000i\000m\000i\000\040\000i\000\040\000k\000a\000l\000i\000m\000i\000t\000\040\000n\000g\000a\000\040\000n\000o\000t\000e\000b\000o\000o\000k\000-\000u\000\040\000t\000e\000\040\000p\000a\000k\000e\000t\000a}{appendix.A}% 97
\BOOKMARK [1][-]{section.A.7}{\376\377\000U\000d\000h\000\353\000z\000u\000e\000s\000\040\000i\000\040\000b\000u\000r\000i\000m\000e\000v\000e\000\040\000s\000h\000k\000e\000n\000c\000o\000r\000e\000\040\000n\000\353\000\040\000s\000h\000q\000i\000p}{appendix.A}% 98
\BOOKMARK [1][-]{section.A.8}{\376\377\000R\000r\000u\000g\000a\000\040\000e\000\040\000r\000e\000k\000o\000m\000a\000n\000d\000u\000a\000r\000\040\000e\000\040\000l\000e\000x\000i\000m\000i\000t}{appendix.A}% 99
\BOOKMARK [1][-]{section.A.9}{\376\377\000P\000a\000r\000i\000m\000e\000\040\000p\000\353\000r\000\040\000c\000i\000t\000i\000m\000i\000n\000\040\000n\000\353\000\040\000n\000o\000t\000e\000b\000o\000o\000k}{appendix.A}% 100
